// Jest Snapshot v1, https://goo.gl/fbAQLP

exports[`Header renders correctly 1`] = `
Array [
  <nav
    className="navbar navbar-expand-lg navbar-light bg-light"
  >
    <div
      className="container"
    >
      <span
        className="navbar-brand"
      >
        Jack Clarke
      </span>
      <button
        aria-label="Toggle navigation"
        className="navbar-toggler collapsed"
        onClick={[Function]}
        type="button"
      >
        <span
          className="navbar-toggler-icon"
        />
      </button>
      <div
        aria-expanded={null}
        className="navbar-collapse collapse"
      >
        <div
          className="navbar-nav"
          onKeyDown={[Function]}
        >
          <a
            className="nav-link"
            data-rr-ui-event-key={null}
            disabled={false}
            href="/"
            onClick={[Function]}
          >
            Home
          </a>
          <a
            className="nav-link"
            data-rr-ui-event-key={null}
            disabled={false}
            href="/blog/"
            onClick={[Function]}
          >
            Blog
          </a>
          <a
            className="nav-link"
            data-rr-ui-event-key={null}
            disabled={false}
            href="/resume/"
            onClick={[Function]}
          >
            Resume
          </a>
        </div>
      </div>
    </div>
  </nav>,
  <div
    className="container"
  >
     
  </div>,
]
`;
